#-----------------------------------------------------------
# Vivado v2020.1 (64-bit)
# SW Build 2902540 on Wed May 27 19:54:49 MDT 2020
# IP Build 2902112 on Wed May 27 22:43:36 MDT 2020
# Start of session at: Tue Apr  7 15:53:26 2026
# Process ID: 11512
# Current directory: C:/Users/hira6/Downloads/lab_11_final/lab_11
# Command line: vivado.exe -gui_launcher_event rodinguilauncherevent19168 C:\Users\hira6\Downloads\lab_11_final\lab_11\lab_10.xpr
# Log file: C:/Users/hira6/Downloads/lab_11_final/lab_11/vivado.log
# Journal file: C:/Users/hira6/Downloads/lab_11_final/lab_11\vivado.jou
#-----------------------------------------------------------
start_gui
open_project C:/Users/hira6/Downloads/lab_11_final/lab_11/lab_10.xpr
launch_simulation
source tb_top.tcl
close [ open C:/Users/hira6/Downloads/lab_11_final/lab_11/lab_10.srcs/sources_1/new/slow_tick.v w ]
add_files C:/Users/hira6/Downloads/lab_11_final/lab_11/lab_10.srcs/sources_1/new/slow_tick.v
close_sim
launch_simulation
source tb_top.tcl
close_sim
launch_simulation
source tb_top.tcl
close_sim
launch_simulation
source tb_top.tcl
close_sim
